{"timestamp":"2026-05-14T13:39:56.924498Z","level":"info","event":"Filling up the DagBag from /opt/airflow/dags/1_first_dag.py","logger":"airflow.dag_processing.dagbag.BundleDagBag","filename":"dagbag.py","lineno":469}
{"timestamp":"2026-05-14T13:40:27.891891Z","level":"info","event":"Filling up the DagBag from /opt/airflow/dags/1_first_dag.py","logger":"airflow.dag_processing.dagbag.BundleDagBag","filename":"dagbag.py","lineno":469}
{"timestamp":"2026-05-14T13:40:58.408232Z","level":"info","event":"Filling up the DagBag from /opt/airflow/dags/1_first_dag.py","logger":"airflow.dag_processing.dagbag.BundleDagBag","filename":"dagbag.py","lineno":469}
{"timestamp":"2026-05-14T13:41:28.858785Z","level":"info","event":"Filling up the DagBag from /opt/airflow/dags/1_first_dag.py","logger":"airflow.dag_processing.dagbag.BundleDagBag","filename":"dagbag.py","lineno":469}
{"timestamp":"2026-05-14T13:41:59.323473Z","level":"info","event":"Filling up the DagBag from /opt/airflow/dags/1_first_dag.py","logger":"airflow.dag_processing.dagbag.BundleDagBag","filename":"dagbag.py","lineno":469}
{"timestamp":"2026-05-14T13:42:29.822031Z","level":"info","event":"Filling up the DagBag from /opt/airflow/dags/1_first_dag.py","logger":"airflow.dag_processing.dagbag.BundleDagBag","filename":"dagbag.py","lineno":469}
{"timestamp":"2026-05-14T13:43:00.384335Z","level":"info","event":"Filling up the DagBag from /opt/airflow/dags/1_first_dag.py","logger":"airflow.dag_processing.dagbag.BundleDagBag","filename":"dagbag.py","lineno":469}
{"timestamp":"2026-05-14T13:43:30.908529Z","level":"info","event":"Filling up the DagBag from /opt/airflow/dags/1_first_dag.py","logger":"airflow.dag_processing.dagbag.BundleDagBag","filename":"dagbag.py","lineno":469}
{"timestamp":"2026-05-14T13:44:01.400424Z","level":"info","event":"Filling up the DagBag from /opt/airflow/dags/1_first_dag.py","logger":"airflow.dag_processing.dagbag.BundleDagBag","filename":"dagbag.py","lineno":469}
{"timestamp":"2026-05-14T13:44:31.856516Z","level":"info","event":"Filling up the DagBag from /opt/airflow/dags/1_first_dag.py","logger":"airflow.dag_processing.dagbag.BundleDagBag","filename":"dagbag.py","lineno":469}
{"timestamp":"2026-05-14T13:45:03.538237Z","level":"info","event":"Filling up the DagBag from /opt/airflow/dags/1_first_dag.py","logger":"airflow.dag_processing.dagbag.BundleDagBag","filename":"dagbag.py","lineno":469}
{"timestamp":"2026-05-14T13:45:35.419364Z","level":"info","event":"Filling up the DagBag from /opt/airflow/dags/1_first_dag.py","logger":"airflow.dag_processing.dagbag.BundleDagBag","filename":"dagbag.py","lineno":469}
{"timestamp":"2026-05-14T13:46:07.485640Z","level":"info","event":"Filling up the DagBag from /opt/airflow/dags/1_first_dag.py","logger":"airflow.dag_processing.dagbag.BundleDagBag","filename":"dagbag.py","lineno":469}
{"timestamp":"2026-05-14T13:46:39.552545Z","level":"info","event":"Filling up the DagBag from /opt/airflow/dags/1_first_dag.py","logger":"airflow.dag_processing.dagbag.BundleDagBag","filename":"dagbag.py","lineno":469}
{"timestamp":"2026-05-14T13:46:59.453735Z","level":"info","event":"Filling up the DagBag from /opt/airflow/dags/1_first_dag.py","logger":"airflow.dag_processing.dagbag.BundleDagBag","filename":"dagbag.py","lineno":469}
{"timestamp":"2026-05-14T13:47:30.347669Z","level":"info","event":"Filling up the DagBag from /opt/airflow/dags/1_first_dag.py","logger":"airflow.dag_processing.dagbag.BundleDagBag","filename":"dagbag.py","lineno":469}
{"timestamp":"2026-05-14T13:47:56.513043Z","level":"info","event":"Filling up the DagBag from /opt/airflow/dags/1_first_dag.py","logger":"airflow.dag_processing.dagbag.BundleDagBag","filename":"dagbag.py","lineno":469}
{"timestamp":"2026-05-14T13:47:56.616120Z","level":"error","event":"Failed to import: /opt/airflow/dags/1_first_dag.py","logger":"airflow.dag_processing.importers.python_importer","filename":"python_importer.py","lineno":244,"error_detail":[{"exc_type":"SyntaxError","exc_value":"invalid syntax (1_first_dag.py, line 7)","exc_notes":[],"syntax_error":{"offset":11,"filename":"/opt/airflow/dags/1_first_dag.py","line":"    @task.\n","lineno":7,"msg":"invalid syntax"},"is_cause":false,"frames":[{"filename":"/home/airflow/.local/lib/python3.13/site-packages/airflow/dag_processing/importers/python_importer.py","lineno":238,"name":"parse"},{"filename":"<frozen importlib._bootstrap_external>","lineno":1019,"name":"exec_module"},{"filename":"<frozen importlib._bootstrap_external>","lineno":1157,"name":"get_code"},{"filename":"<frozen importlib._bootstrap_external>","lineno":1087,"name":"source_to_code"},{"filename":"<frozen importlib._bootstrap>","lineno":488,"name":"_call_with_frames_removed"}],"is_group":false,"exceptions":[]}]}
{"timestamp":"2026-05-14T13:47:56.643835Z","level":"error","event":"Error loading DAG from 1_first_dag.py: invalid syntax (1_first_dag.py, line 7)","logger":"airflow.dag_processing.dagbag.BundleDagBag","filename":"dagbag.py","lineno":327}
{"timestamp":"2026-05-14T13:48:19.329854Z","level":"info","event":"Filling up the DagBag from /opt/airflow/dags/1_first_dag.py","logger":"airflow.dag_processing.dagbag.BundleDagBag","filename":"dagbag.py","lineno":469}
{"timestamp":"2026-05-14T13:48:31.150537Z","level":"info","event":"Filling up the DagBag from /opt/airflow/dags/1_first_dag.py","logger":"airflow.dag_processing.dagbag.BundleDagBag","filename":"dagbag.py","lineno":469}
{"timestamp":"2026-05-14T13:48:31.213526Z","level":"error","event":"Failed to import: /opt/airflow/dags/1_first_dag.py","logger":"airflow.dag_processing.importers.python_importer","filename":"python_importer.py","lineno":244,"error_detail":[{"exc_type":"SyntaxError","exc_value":"invalid syntax (1_first_dag.py, line 7)","exc_notes":[],"syntax_error":{"offset":28,"filename":"/opt/airflow/dags/1_first_dag.py","line":"    @task.python // Define a Python task\n","lineno":7,"msg":"invalid syntax"},"is_cause":false,"frames":[{"filename":"/home/airflow/.local/lib/python3.13/site-packages/airflow/dag_processing/importers/python_importer.py","lineno":238,"name":"parse"},{"filename":"<frozen importlib._bootstrap_external>","lineno":1019,"name":"exec_module"},{"filename":"<frozen importlib._bootstrap_external>","lineno":1157,"name":"get_code"},{"filename":"<frozen importlib._bootstrap_external>","lineno":1087,"name":"source_to_code"},{"filename":"<frozen importlib._bootstrap>","lineno":488,"name":"_call_with_frames_removed"}],"is_group":false,"exceptions":[]}]}
{"timestamp":"2026-05-14T13:48:31.217539Z","level":"error","event":"Error loading DAG from 1_first_dag.py: invalid syntax (1_first_dag.py, line 7)","logger":"airflow.dag_processing.dagbag.BundleDagBag","filename":"dagbag.py","lineno":327}
{"timestamp":"2026-05-14T13:49:02.043310Z","level":"info","event":"Filling up the DagBag from /opt/airflow/dags/1_first_dag.py","logger":"airflow.dag_processing.dagbag.BundleDagBag","filename":"dagbag.py","lineno":469}
{"timestamp":"2026-05-14T13:49:02.110234Z","level":"error","event":"Failed to import: /opt/airflow/dags/1_first_dag.py","logger":"airflow.dag_processing.importers.python_importer","filename":"python_importer.py","lineno":244,"error_detail":[{"exc_type":"SyntaxError","exc_value":"invalid syntax (1_first_dag.py, line 7)","exc_notes":[],"syntax_error":{"offset":28,"filename":"/opt/airflow/dags/1_first_dag.py","line":"    @task.python // Define a Python task\n","lineno":7,"msg":"invalid syntax"},"is_cause":false,"frames":[{"filename":"/home/airflow/.local/lib/python3.13/site-packages/airflow/dag_processing/importers/python_importer.py","lineno":238,"name":"parse"},{"filename":"<frozen importlib._bootstrap_external>","lineno":1019,"name":"exec_module"},{"filename":"<frozen importlib._bootstrap_external>","lineno":1157,"name":"get_code"},{"filename":"<frozen importlib._bootstrap_external>","lineno":1087,"name":"source_to_code"},{"filename":"<frozen importlib._bootstrap>","lineno":488,"name":"_call_with_frames_removed"}],"is_group":false,"exceptions":[]}]}
{"timestamp":"2026-05-14T13:49:02.112996Z","level":"error","event":"Error loading DAG from 1_first_dag.py: invalid syntax (1_first_dag.py, line 7)","logger":"airflow.dag_processing.dagbag.BundleDagBag","filename":"dagbag.py","lineno":327}
{"timestamp":"2026-05-14T13:49:09.521222Z","level":"info","event":"Filling up the DagBag from /opt/airflow/dags/1_first_dag.py","logger":"airflow.dag_processing.dagbag.BundleDagBag","filename":"dagbag.py","lineno":469}
{"timestamp":"2026-05-14T13:49:09.581938Z","level":"error","event":"Failed to import: /opt/airflow/dags/1_first_dag.py","logger":"airflow.dag_processing.importers.python_importer","filename":"python_importer.py","lineno":244,"error_detail":[{"exc_type":"SyntaxError","exc_value":"invalid syntax (1_first_dag.py, line 7)","exc_notes":[],"syntax_error":{"offset":28,"filename":"/opt/airflow/dags/1_first_dag.py","line":"    @task.python // Define a Python task\n","lineno":7,"msg":"invalid syntax"},"is_cause":false,"frames":[{"filename":"/home/airflow/.local/lib/python3.13/site-packages/airflow/dag_processing/importers/python_importer.py","lineno":238,"name":"parse"},{"filename":"<frozen importlib._bootstrap_external>","lineno":1019,"name":"exec_module"},{"filename":"<frozen importlib._bootstrap_external>","lineno":1157,"name":"get_code"},{"filename":"<frozen importlib._bootstrap_external>","lineno":1087,"name":"source_to_code"},{"filename":"<frozen importlib._bootstrap>","lineno":488,"name":"_call_with_frames_removed"}],"is_group":false,"exceptions":[]}]}
{"timestamp":"2026-05-14T13:49:09.584654Z","level":"error","event":"Error loading DAG from 1_first_dag.py: invalid syntax (1_first_dag.py, line 7)","logger":"airflow.dag_processing.dagbag.BundleDagBag","filename":"dagbag.py","lineno":327}
{"timestamp":"2026-05-14T13:49:21.126974Z","level":"info","event":"Filling up the DagBag from /opt/airflow/dags/1_first_dag.py","logger":"airflow.dag_processing.dagbag.BundleDagBag","filename":"dagbag.py","lineno":469}
{"timestamp":"2026-05-14T13:49:52.128884Z","level":"info","event":"Filling up the DagBag from /opt/airflow/dags/1_first_dag.py","logger":"airflow.dag_processing.dagbag.BundleDagBag","filename":"dagbag.py","lineno":469}
{"timestamp":"2026-05-14T13:50:02.614662Z","level":"info","event":"Filling up the DagBag from /opt/airflow/dags/1_first_dag.py","logger":"airflow.dag_processing.dagbag.BundleDagBag","filename":"dagbag.py","lineno":469}
{"timestamp":"2026-05-14T13:50:26.083951Z","level":"info","event":"Filling up the DagBag from /opt/airflow/dags/1_first_dag.py","logger":"airflow.dag_processing.dagbag.BundleDagBag","filename":"dagbag.py","lineno":469}
{"timestamp":"2026-05-14T13:50:56.701301Z","level":"info","event":"Filling up the DagBag from /opt/airflow/dags/1_first_dag.py","logger":"airflow.dag_processing.dagbag.BundleDagBag","filename":"dagbag.py","lineno":469}
{"timestamp":"2026-05-14T13:51:15.308617Z","level":"info","event":"Filling up the DagBag from /opt/airflow/dags/1_first_dag.py","logger":"airflow.dag_processing.dagbag.BundleDagBag","filename":"dagbag.py","lineno":469}
{"timestamp":"2026-05-14T13:51:45.995709Z","level":"info","event":"Filling up the DagBag from /opt/airflow/dags/1_first_dag.py","logger":"airflow.dag_processing.dagbag.BundleDagBag","filename":"dagbag.py","lineno":469}
{"timestamp":"2026-05-14T13:51:48.772872Z","level":"info","event":"Filling up the DagBag from /opt/airflow/dags/1_first_dag.py","logger":"airflow.dag_processing.dagbag.BundleDagBag","filename":"dagbag.py","lineno":469}
{"timestamp":"2026-05-14T13:52:19.828378Z","level":"info","event":"Filling up the DagBag from /opt/airflow/dags/1_first_dag.py","logger":"airflow.dag_processing.dagbag.BundleDagBag","filename":"dagbag.py","lineno":469}
{"timestamp":"2026-05-14T13:52:44.312480Z","level":"info","event":"Filling up the DagBag from /opt/airflow/dags/1_first_dag.py","logger":"airflow.dag_processing.dagbag.BundleDagBag","filename":"dagbag.py","lineno":469}
{"timestamp":"2026-05-14T13:53:04.935242Z","level":"info","event":"Filling up the DagBag from /opt/airflow/dags/1_first_dag.py","logger":"airflow.dag_processing.dagbag.BundleDagBag","filename":"dagbag.py","lineno":469}
{"timestamp":"2026-05-14T13:53:14.940850Z","level":"info","event":"Filling up the DagBag from /opt/airflow/dags/1_first_dag.py","logger":"airflow.dag_processing.dagbag.BundleDagBag","filename":"dagbag.py","lineno":469}
{"timestamp":"2026-05-14T13:53:22.351140Z","level":"info","event":"Filling up the DagBag from /opt/airflow/dags/1_first_dag.py","logger":"airflow.dag_processing.dagbag.BundleDagBag","filename":"dagbag.py","lineno":469}
{"timestamp":"2026-05-14T13:53:53.300572Z","level":"info","event":"Filling up the DagBag from /opt/airflow/dags/1_first_dag.py","logger":"airflow.dag_processing.dagbag.BundleDagBag","filename":"dagbag.py","lineno":469}
{"timestamp":"2026-05-14T13:54:24.218876Z","level":"info","event":"Filling up the DagBag from /opt/airflow/dags/1_first_dag.py","logger":"airflow.dag_processing.dagbag.BundleDagBag","filename":"dagbag.py","lineno":469}
{"timestamp":"2026-05-14T13:54:33.667234Z","level":"info","event":"Filling up the DagBag from /opt/airflow/dags/1_first_dag.py","logger":"airflow.dag_processing.dagbag.BundleDagBag","filename":"dagbag.py","lineno":469}
{"timestamp":"2026-05-14T13:54:33.943076Z","level":"info","event":"Filling up the DagBag from /opt/airflow/dags/1_first_dag.py","logger":"airflow.dag_processing.dagbag.BundleDagBag","filename":"dagbag.py","lineno":469}
{"timestamp":"2026-05-14T13:54:50.444316Z","level":"info","event":"Filling up the DagBag from /opt/airflow/dags/1_first_dag.py","logger":"airflow.dag_processing.dagbag.BundleDagBag","filename":"dagbag.py","lineno":469}
{"timestamp":"2026-05-14T13:54:52.850608Z","level":"info","event":"Filling up the DagBag from /opt/airflow/dags/1_first_dag.py","logger":"airflow.dag_processing.dagbag.BundleDagBag","filename":"dagbag.py","lineno":469}
{"timestamp":"2026-05-14T13:55:07.426847Z","level":"info","event":"Filling up the DagBag from /opt/airflow/dags/1_first_dag.py","logger":"airflow.dag_processing.dagbag.BundleDagBag","filename":"dagbag.py","lineno":469}
{"timestamp":"2026-05-14T13:55:40.798927Z","level":"info","event":"Filling up the DagBag from /opt/airflow/dags/1_first_dag.py","logger":"airflow.dag_processing.dagbag.BundleDagBag","filename":"dagbag.py","lineno":469}
{"timestamp":"2026-05-14T13:56:11.670843Z","level":"info","event":"Filling up the DagBag from /opt/airflow/dags/1_first_dag.py","logger":"airflow.dag_processing.dagbag.BundleDagBag","filename":"dagbag.py","lineno":469}
{"timestamp":"2026-05-14T13:56:42.223773Z","level":"info","event":"Filling up the DagBag from /opt/airflow/dags/1_first_dag.py","logger":"airflow.dag_processing.dagbag.BundleDagBag","filename":"dagbag.py","lineno":469}
{"timestamp":"2026-05-14T13:57:12.945188Z","level":"info","event":"Filling up the DagBag from /opt/airflow/dags/1_first_dag.py","logger":"airflow.dag_processing.dagbag.BundleDagBag","filename":"dagbag.py","lineno":469}
{"timestamp":"2026-05-14T13:57:43.425793Z","level":"info","event":"Filling up the DagBag from /opt/airflow/dags/1_first_dag.py","logger":"airflow.dag_processing.dagbag.BundleDagBag","filename":"dagbag.py","lineno":469}
{"timestamp":"2026-05-14T13:57:52.690415Z","level":"info","event":"Filling up the DagBag from /opt/airflow/dags/1_first_dag.py","logger":"airflow.dag_processing.dagbag.BundleDagBag","filename":"dagbag.py","lineno":469}
{"timestamp":"2026-05-14T13:58:23.406930Z","level":"info","event":"Filling up the DagBag from /opt/airflow/dags/1_first_dag.py","logger":"airflow.dag_processing.dagbag.BundleDagBag","filename":"dagbag.py","lineno":469}
{"timestamp":"2026-05-14T13:58:54.092259Z","level":"info","event":"Filling up the DagBag from /opt/airflow/dags/1_first_dag.py","logger":"airflow.dag_processing.dagbag.BundleDagBag","filename":"dagbag.py","lineno":469}
{"timestamp":"2026-05-14T13:59:24.507249Z","level":"info","event":"Filling up the DagBag from /opt/airflow/dags/1_first_dag.py","logger":"airflow.dag_processing.dagbag.BundleDagBag","filename":"dagbag.py","lineno":469}
{"timestamp":"2026-05-14T13:59:55.072481Z","level":"info","event":"Filling up the DagBag from /opt/airflow/dags/1_first_dag.py","logger":"airflow.dag_processing.dagbag.BundleDagBag","filename":"dagbag.py","lineno":469}
{"timestamp":"2026-05-14T14:00:25.559830Z","level":"info","event":"Filling up the DagBag from /opt/airflow/dags/1_first_dag.py","logger":"airflow.dag_processing.dagbag.BundleDagBag","filename":"dagbag.py","lineno":469}
{"timestamp":"2026-05-14T14:00:55.983996Z","level":"info","event":"Filling up the DagBag from /opt/airflow/dags/1_first_dag.py","logger":"airflow.dag_processing.dagbag.BundleDagBag","filename":"dagbag.py","lineno":469}
{"timestamp":"2026-05-14T14:01:26.506969Z","level":"info","event":"Filling up the DagBag from /opt/airflow/dags/1_first_dag.py","logger":"airflow.dag_processing.dagbag.BundleDagBag","filename":"dagbag.py","lineno":469}
{"timestamp":"2026-05-14T14:01:56.817920Z","level":"info","event":"Filling up the DagBag from /opt/airflow/dags/1_first_dag.py","logger":"airflow.dag_processing.dagbag.BundleDagBag","filename":"dagbag.py","lineno":469}
{"timestamp":"2026-05-14T14:02:27.297201Z","level":"info","event":"Filling up the DagBag from /opt/airflow/dags/1_first_dag.py","logger":"airflow.dag_processing.dagbag.BundleDagBag","filename":"dagbag.py","lineno":469}
{"timestamp":"2026-05-14T14:02:57.666752Z","level":"info","event":"Filling up the DagBag from /opt/airflow/dags/1_first_dag.py","logger":"airflow.dag_processing.dagbag.BundleDagBag","filename":"dagbag.py","lineno":469}
{"timestamp":"2026-05-14T14:03:28.111061Z","level":"info","event":"Filling up the DagBag from /opt/airflow/dags/1_first_dag.py","logger":"airflow.dag_processing.dagbag.BundleDagBag","filename":"dagbag.py","lineno":469}
{"timestamp":"2026-05-14T14:03:58.597665Z","level":"info","event":"Filling up the DagBag from /opt/airflow/dags/1_first_dag.py","logger":"airflow.dag_processing.dagbag.BundleDagBag","filename":"dagbag.py","lineno":469}
{"timestamp":"2026-05-14T14:04:29.041500Z","level":"info","event":"Filling up the DagBag from /opt/airflow/dags/1_first_dag.py","logger":"airflow.dag_processing.dagbag.BundleDagBag","filename":"dagbag.py","lineno":469}
{"timestamp":"2026-05-14T14:04:59.461694Z","level":"info","event":"Filling up the DagBag from /opt/airflow/dags/1_first_dag.py","logger":"airflow.dag_processing.dagbag.BundleDagBag","filename":"dagbag.py","lineno":469}
{"timestamp":"2026-05-14T14:05:29.871405Z","level":"info","event":"Filling up the DagBag from /opt/airflow/dags/1_first_dag.py","logger":"airflow.dag_processing.dagbag.BundleDagBag","filename":"dagbag.py","lineno":469}
{"timestamp":"2026-05-14T14:06:00.260775Z","level":"info","event":"Filling up the DagBag from /opt/airflow/dags/1_first_dag.py","logger":"airflow.dag_processing.dagbag.BundleDagBag","filename":"dagbag.py","lineno":469}
{"timestamp":"2026-05-14T14:06:30.939775Z","level":"info","event":"Filling up the DagBag from /opt/airflow/dags/1_first_dag.py","logger":"airflow.dag_processing.dagbag.BundleDagBag","filename":"dagbag.py","lineno":469}
{"timestamp":"2026-05-14T14:07:01.728277Z","level":"info","event":"Filling up the DagBag from /opt/airflow/dags/1_first_dag.py","logger":"airflow.dag_processing.dagbag.BundleDagBag","filename":"dagbag.py","lineno":469}
{"timestamp":"2026-05-14T14:07:32.647644Z","level":"info","event":"Filling up the DagBag from /opt/airflow/dags/1_first_dag.py","logger":"airflow.dag_processing.dagbag.BundleDagBag","filename":"dagbag.py","lineno":469}
{"timestamp":"2026-05-14T14:08:03.639979Z","level":"info","event":"Filling up the DagBag from /opt/airflow/dags/1_first_dag.py","logger":"airflow.dag_processing.dagbag.BundleDagBag","filename":"dagbag.py","lineno":469}
{"timestamp":"2026-05-14T14:08:34.693589Z","level":"info","event":"Filling up the DagBag from /opt/airflow/dags/1_first_dag.py","logger":"airflow.dag_processing.dagbag.BundleDagBag","filename":"dagbag.py","lineno":469}
{"timestamp":"2026-05-14T14:09:05.701875Z","level":"info","event":"Filling up the DagBag from /opt/airflow/dags/1_first_dag.py","logger":"airflow.dag_processing.dagbag.BundleDagBag","filename":"dagbag.py","lineno":469}
{"timestamp":"2026-05-14T14:09:36.617053Z","level":"info","event":"Filling up the DagBag from /opt/airflow/dags/1_first_dag.py","logger":"airflow.dag_processing.dagbag.BundleDagBag","filename":"dagbag.py","lineno":469}
{"timestamp":"2026-05-14T14:10:07.395270Z","level":"info","event":"Filling up the DagBag from /opt/airflow/dags/1_first_dag.py","logger":"airflow.dag_processing.dagbag.BundleDagBag","filename":"dagbag.py","lineno":469}
{"timestamp":"2026-05-14T14:10:38.058571Z","level":"info","event":"Filling up the DagBag from /opt/airflow/dags/1_first_dag.py","logger":"airflow.dag_processing.dagbag.BundleDagBag","filename":"dagbag.py","lineno":469}
{"timestamp":"2026-05-14T14:11:09.467037Z","level":"info","event":"Filling up the DagBag from /opt/airflow/dags/1_first_dag.py","logger":"airflow.dag_processing.dagbag.BundleDagBag","filename":"dagbag.py","lineno":469}
{"timestamp":"2026-05-14T14:11:40.971960Z","level":"info","event":"Filling up the DagBag from /opt/airflow/dags/1_first_dag.py","logger":"airflow.dag_processing.dagbag.BundleDagBag","filename":"dagbag.py","lineno":469}
{"timestamp":"2026-05-14T14:12:11.409861Z","level":"info","event":"Filling up the DagBag from /opt/airflow/dags/1_first_dag.py","logger":"airflow.dag_processing.dagbag.BundleDagBag","filename":"dagbag.py","lineno":469}
{"timestamp":"2026-05-14T14:12:42.265880Z","level":"info","event":"Filling up the DagBag from /opt/airflow/dags/1_first_dag.py","logger":"airflow.dag_processing.dagbag.BundleDagBag","filename":"dagbag.py","lineno":469}
{"timestamp":"2026-05-14T14:13:12.785179Z","level":"info","event":"Filling up the DagBag from /opt/airflow/dags/1_first_dag.py","logger":"airflow.dag_processing.dagbag.BundleDagBag","filename":"dagbag.py","lineno":469}
{"timestamp":"2026-05-14T14:13:43.236232Z","level":"info","event":"Filling up the DagBag from /opt/airflow/dags/1_first_dag.py","logger":"airflow.dag_processing.dagbag.BundleDagBag","filename":"dagbag.py","lineno":469}
{"timestamp":"2026-05-14T14:14:13.965957Z","level":"info","event":"Filling up the DagBag from /opt/airflow/dags/1_first_dag.py","logger":"airflow.dag_processing.dagbag.BundleDagBag","filename":"dagbag.py","lineno":469}
{"timestamp":"2026-05-14T14:14:44.561075Z","level":"info","event":"Filling up the DagBag from /opt/airflow/dags/1_first_dag.py","logger":"airflow.dag_processing.dagbag.BundleDagBag","filename":"dagbag.py","lineno":469}
{"timestamp":"2026-05-14T14:15:15.297614Z","level":"info","event":"Filling up the DagBag from /opt/airflow/dags/1_first_dag.py","logger":"airflow.dag_processing.dagbag.BundleDagBag","filename":"dagbag.py","lineno":469}
{"timestamp":"2026-05-14T14:15:45.937609Z","level":"info","event":"Filling up the DagBag from /opt/airflow/dags/1_first_dag.py","logger":"airflow.dag_processing.dagbag.BundleDagBag","filename":"dagbag.py","lineno":469}
{"timestamp":"2026-05-14T14:16:16.615597Z","level":"info","event":"Filling up the DagBag from /opt/airflow/dags/1_first_dag.py","logger":"airflow.dag_processing.dagbag.BundleDagBag","filename":"dagbag.py","lineno":469}
{"timestamp":"2026-05-14T14:16:47.128088Z","level":"info","event":"Filling up the DagBag from /opt/airflow/dags/1_first_dag.py","logger":"airflow.dag_processing.dagbag.BundleDagBag","filename":"dagbag.py","lineno":469}
{"timestamp":"2026-05-14T14:17:17.896297Z","level":"info","event":"Filling up the DagBag from /opt/airflow/dags/1_first_dag.py","logger":"airflow.dag_processing.dagbag.BundleDagBag","filename":"dagbag.py","lineno":469}
{"timestamp":"2026-05-14T14:17:48.455495Z","level":"info","event":"Filling up the DagBag from /opt/airflow/dags/1_first_dag.py","logger":"airflow.dag_processing.dagbag.BundleDagBag","filename":"dagbag.py","lineno":469}
{"timestamp":"2026-05-14T14:18:19.217802Z","level":"info","event":"Filling up the DagBag from /opt/airflow/dags/1_first_dag.py","logger":"airflow.dag_processing.dagbag.BundleDagBag","filename":"dagbag.py","lineno":469}
{"timestamp":"2026-05-14T14:18:49.891949Z","level":"info","event":"Filling up the DagBag from /opt/airflow/dags/1_first_dag.py","logger":"airflow.dag_processing.dagbag.BundleDagBag","filename":"dagbag.py","lineno":469}
{"timestamp":"2026-05-14T14:19:20.311703Z","level":"info","event":"Filling up the DagBag from /opt/airflow/dags/1_first_dag.py","logger":"airflow.dag_processing.dagbag.BundleDagBag","filename":"dagbag.py","lineno":469}
{"timestamp":"2026-05-14T14:19:50.813648Z","level":"info","event":"Filling up the DagBag from /opt/airflow/dags/1_first_dag.py","logger":"airflow.dag_processing.dagbag.BundleDagBag","filename":"dagbag.py","lineno":469}
{"timestamp":"2026-05-14T14:20:21.399324Z","level":"info","event":"Filling up the DagBag from /opt/airflow/dags/1_first_dag.py","logger":"airflow.dag_processing.dagbag.BundleDagBag","filename":"dagbag.py","lineno":469}
{"timestamp":"2026-05-14T14:20:52.332271Z","level":"info","event":"Filling up the DagBag from /opt/airflow/dags/1_first_dag.py","logger":"airflow.dag_processing.dagbag.BundleDagBag","filename":"dagbag.py","lineno":469}
{"timestamp":"2026-05-14T14:21:23.225764Z","level":"info","event":"Filling up the DagBag from /opt/airflow/dags/1_first_dag.py","logger":"airflow.dag_processing.dagbag.BundleDagBag","filename":"dagbag.py","lineno":469}
{"timestamp":"2026-05-14T14:21:53.696596Z","level":"info","event":"Filling up the DagBag from /opt/airflow/dags/1_first_dag.py","logger":"airflow.dag_processing.dagbag.BundleDagBag","filename":"dagbag.py","lineno":469}
{"timestamp":"2026-05-14T14:22:24.165606Z","level":"info","event":"Filling up the DagBag from /opt/airflow/dags/1_first_dag.py","logger":"airflow.dag_processing.dagbag.BundleDagBag","filename":"dagbag.py","lineno":469}
{"timestamp":"2026-05-14T14:22:54.611579Z","level":"info","event":"Filling up the DagBag from /opt/airflow/dags/1_first_dag.py","logger":"airflow.dag_processing.dagbag.BundleDagBag","filename":"dagbag.py","lineno":469}
{"timestamp":"2026-05-14T14:23:25.120340Z","level":"info","event":"Filling up the DagBag from /opt/airflow/dags/1_first_dag.py","logger":"airflow.dag_processing.dagbag.BundleDagBag","filename":"dagbag.py","lineno":469}
{"timestamp":"2026-05-14T14:23:56.601495Z","level":"info","event":"Filling up the DagBag from /opt/airflow/dags/1_first_dag.py","logger":"airflow.dag_processing.dagbag.BundleDagBag","filename":"dagbag.py","lineno":469}
{"timestamp":"2026-05-14T14:24:28.670530Z","level":"info","event":"Filling up the DagBag from /opt/airflow/dags/1_first_dag.py","logger":"airflow.dag_processing.dagbag.BundleDagBag","filename":"dagbag.py","lineno":469}
{"timestamp":"2026-05-14T14:25:00.391596Z","level":"info","event":"Filling up the DagBag from /opt/airflow/dags/1_first_dag.py","logger":"airflow.dag_processing.dagbag.BundleDagBag","filename":"dagbag.py","lineno":469}
{"timestamp":"2026-05-14T14:25:12.873454Z","level":"info","event":"Filling up the DagBag from /opt/airflow/dags/1_first_dag.py","logger":"airflow.dag_processing.dagbag.BundleDagBag","filename":"dagbag.py","lineno":469}
{"timestamp":"2026-05-14T14:25:43.376200Z","level":"info","event":"Filling up the DagBag from /opt/airflow/dags/1_first_dag.py","logger":"airflow.dag_processing.dagbag.BundleDagBag","filename":"dagbag.py","lineno":469}
{"timestamp":"2026-05-14T14:26:13.848266Z","level":"info","event":"Filling up the DagBag from /opt/airflow/dags/1_first_dag.py","logger":"airflow.dag_processing.dagbag.BundleDagBag","filename":"dagbag.py","lineno":469}
{"timestamp":"2026-05-14T14:26:44.348586Z","level":"info","event":"Filling up the DagBag from /opt/airflow/dags/1_first_dag.py","logger":"airflow.dag_processing.dagbag.BundleDagBag","filename":"dagbag.py","lineno":469}
{"timestamp":"2026-05-14T14:27:14.770733Z","level":"info","event":"Filling up the DagBag from /opt/airflow/dags/1_first_dag.py","logger":"airflow.dag_processing.dagbag.BundleDagBag","filename":"dagbag.py","lineno":469}
{"timestamp":"2026-05-14T14:27:45.261126Z","level":"info","event":"Filling up the DagBag from /opt/airflow/dags/1_first_dag.py","logger":"airflow.dag_processing.dagbag.BundleDagBag","filename":"dagbag.py","lineno":469}
{"timestamp":"2026-05-14T14:28:15.800778Z","level":"info","event":"Filling up the DagBag from /opt/airflow/dags/1_first_dag.py","logger":"airflow.dag_processing.dagbag.BundleDagBag","filename":"dagbag.py","lineno":469}
{"timestamp":"2026-05-14T14:28:46.197604Z","level":"info","event":"Filling up the DagBag from /opt/airflow/dags/1_first_dag.py","logger":"airflow.dag_processing.dagbag.BundleDagBag","filename":"dagbag.py","lineno":469}
{"timestamp":"2026-05-14T14:29:16.696448Z","level":"info","event":"Filling up the DagBag from /opt/airflow/dags/1_first_dag.py","logger":"airflow.dag_processing.dagbag.BundleDagBag","filename":"dagbag.py","lineno":469}
{"timestamp":"2026-05-14T14:29:46.916816Z","level":"info","event":"Filling up the DagBag from /opt/airflow/dags/1_first_dag.py","logger":"airflow.dag_processing.dagbag.BundleDagBag","filename":"dagbag.py","lineno":469}
{"timestamp":"2026-05-14T14:30:20.895906Z","level":"info","event":"Filling up the DagBag from /opt/airflow/dags/1_first_dag.py","logger":"airflow.dag_processing.dagbag.BundleDagBag","filename":"dagbag.py","lineno":469}
{"timestamp":"2026-05-14T14:30:52.641106Z","level":"info","event":"Filling up the DagBag from /opt/airflow/dags/1_first_dag.py","logger":"airflow.dag_processing.dagbag.BundleDagBag","filename":"dagbag.py","lineno":469}
{"timestamp":"2026-05-14T14:31:24.560336Z","level":"info","event":"Filling up the DagBag from /opt/airflow/dags/1_first_dag.py","logger":"airflow.dag_processing.dagbag.BundleDagBag","filename":"dagbag.py","lineno":469}
{"timestamp":"2026-05-14T14:31:56.289952Z","level":"info","event":"Filling up the DagBag from /opt/airflow/dags/1_first_dag.py","logger":"airflow.dag_processing.dagbag.BundleDagBag","filename":"dagbag.py","lineno":469}
{"timestamp":"2026-05-14T14:32:26.933336Z","level":"info","event":"Filling up the DagBag from /opt/airflow/dags/1_first_dag.py","logger":"airflow.dag_processing.dagbag.BundleDagBag","filename":"dagbag.py","lineno":469}
{"timestamp":"2026-05-14T14:32:57.940291Z","level":"info","event":"Filling up the DagBag from /opt/airflow/dags/1_first_dag.py","logger":"airflow.dag_processing.dagbag.BundleDagBag","filename":"dagbag.py","lineno":469}
{"timestamp":"2026-05-14T14:33:28.491617Z","level":"info","event":"Filling up the DagBag from /opt/airflow/dags/1_first_dag.py","logger":"airflow.dag_processing.dagbag.BundleDagBag","filename":"dagbag.py","lineno":469}
{"timestamp":"2026-05-14T14:33:59.116460Z","level":"info","event":"Filling up the DagBag from /opt/airflow/dags/1_first_dag.py","logger":"airflow.dag_processing.dagbag.BundleDagBag","filename":"dagbag.py","lineno":469}
{"timestamp":"2026-05-14T14:34:29.571932Z","level":"info","event":"Filling up the DagBag from /opt/airflow/dags/1_first_dag.py","logger":"airflow.dag_processing.dagbag.BundleDagBag","filename":"dagbag.py","lineno":469}
{"timestamp":"2026-05-14T14:35:00.153480Z","level":"info","event":"Filling up the DagBag from /opt/airflow/dags/1_first_dag.py","logger":"airflow.dag_processing.dagbag.BundleDagBag","filename":"dagbag.py","lineno":469}
{"timestamp":"2026-05-14T14:35:30.668520Z","level":"info","event":"Filling up the DagBag from /opt/airflow/dags/1_first_dag.py","logger":"airflow.dag_processing.dagbag.BundleDagBag","filename":"dagbag.py","lineno":469}
{"timestamp":"2026-05-14T14:36:01.281836Z","level":"info","event":"Filling up the DagBag from /opt/airflow/dags/1_first_dag.py","logger":"airflow.dag_processing.dagbag.BundleDagBag","filename":"dagbag.py","lineno":469}
{"timestamp":"2026-05-14T14:36:31.790907Z","level":"info","event":"Filling up the DagBag from /opt/airflow/dags/1_first_dag.py","logger":"airflow.dag_processing.dagbag.BundleDagBag","filename":"dagbag.py","lineno":469}
{"timestamp":"2026-05-14T14:37:02.416195Z","level":"info","event":"Filling up the DagBag from /opt/airflow/dags/1_first_dag.py","logger":"airflow.dag_processing.dagbag.BundleDagBag","filename":"dagbag.py","lineno":469}
{"timestamp":"2026-05-14T14:37:32.956975Z","level":"info","event":"Filling up the DagBag from /opt/airflow/dags/1_first_dag.py","logger":"airflow.dag_processing.dagbag.BundleDagBag","filename":"dagbag.py","lineno":469}
{"timestamp":"2026-05-14T14:38:03.532176Z","level":"info","event":"Filling up the DagBag from /opt/airflow/dags/1_first_dag.py","logger":"airflow.dag_processing.dagbag.BundleDagBag","filename":"dagbag.py","lineno":469}
{"timestamp":"2026-05-14T14:38:34.088614Z","level":"info","event":"Filling up the DagBag from /opt/airflow/dags/1_first_dag.py","logger":"airflow.dag_processing.dagbag.BundleDagBag","filename":"dagbag.py","lineno":469}
{"timestamp":"2026-05-14T14:39:04.687641Z","level":"info","event":"Filling up the DagBag from /opt/airflow/dags/1_first_dag.py","logger":"airflow.dag_processing.dagbag.BundleDagBag","filename":"dagbag.py","lineno":469}
{"timestamp":"2026-05-14T14:39:35.245665Z","level":"info","event":"Filling up the DagBag from /opt/airflow/dags/1_first_dag.py","logger":"airflow.dag_processing.dagbag.BundleDagBag","filename":"dagbag.py","lineno":469}
{"timestamp":"2026-05-14T14:40:05.840193Z","level":"info","event":"Filling up the DagBag from /opt/airflow/dags/1_first_dag.py","logger":"airflow.dag_processing.dagbag.BundleDagBag","filename":"dagbag.py","lineno":469}
{"timestamp":"2026-05-14T14:40:36.419737Z","level":"info","event":"Filling up the DagBag from /opt/airflow/dags/1_first_dag.py","logger":"airflow.dag_processing.dagbag.BundleDagBag","filename":"dagbag.py","lineno":469}
{"timestamp":"2026-05-14T14:41:06.898352Z","level":"info","event":"Filling up the DagBag from /opt/airflow/dags/1_first_dag.py","logger":"airflow.dag_processing.dagbag.BundleDagBag","filename":"dagbag.py","lineno":469}
{"timestamp":"2026-05-14T14:41:37.202401Z","level":"info","event":"Filling up the DagBag from /opt/airflow/dags/1_first_dag.py","logger":"airflow.dag_processing.dagbag.BundleDagBag","filename":"dagbag.py","lineno":469}
{"timestamp":"2026-05-14T14:42:07.841828Z","level":"info","event":"Filling up the DagBag from /opt/airflow/dags/1_first_dag.py","logger":"airflow.dag_processing.dagbag.BundleDagBag","filename":"dagbag.py","lineno":469}
{"timestamp":"2026-05-14T14:42:38.303408Z","level":"info","event":"Filling up the DagBag from /opt/airflow/dags/1_first_dag.py","logger":"airflow.dag_processing.dagbag.BundleDagBag","filename":"dagbag.py","lineno":469}
{"timestamp":"2026-05-14T14:43:08.819428Z","level":"info","event":"Filling up the DagBag from /opt/airflow/dags/1_first_dag.py","logger":"airflow.dag_processing.dagbag.BundleDagBag","filename":"dagbag.py","lineno":469}
{"timestamp":"2026-05-14T14:43:39.094803Z","level":"info","event":"Filling up the DagBag from /opt/airflow/dags/1_first_dag.py","logger":"airflow.dag_processing.dagbag.BundleDagBag","filename":"dagbag.py","lineno":469}
{"timestamp":"2026-05-14T14:44:12.838833Z","level":"info","event":"Filling up the DagBag from /opt/airflow/dags/1_first_dag.py","logger":"airflow.dag_processing.dagbag.BundleDagBag","filename":"dagbag.py","lineno":469}
{"timestamp":"2026-05-14T14:44:43.016705Z","level":"info","event":"Filling up the DagBag from /opt/airflow/dags/1_first_dag.py","logger":"airflow.dag_processing.dagbag.BundleDagBag","filename":"dagbag.py","lineno":469}
{"timestamp":"2026-05-14T14:45:16.857013Z","level":"info","event":"Filling up the DagBag from /opt/airflow/dags/1_first_dag.py","logger":"airflow.dag_processing.dagbag.BundleDagBag","filename":"dagbag.py","lineno":469}
{"timestamp":"2026-05-14T14:45:47.022272Z","level":"info","event":"Filling up the DagBag from /opt/airflow/dags/1_first_dag.py","logger":"airflow.dag_processing.dagbag.BundleDagBag","filename":"dagbag.py","lineno":469}
{"timestamp":"2026-05-14T14:46:17.841763Z","level":"info","event":"Filling up the DagBag from /opt/airflow/dags/1_first_dag.py","logger":"airflow.dag_processing.dagbag.BundleDagBag","filename":"dagbag.py","lineno":469}
{"timestamp":"2026-05-14T14:46:48.320271Z","level":"info","event":"Filling up the DagBag from /opt/airflow/dags/1_first_dag.py","logger":"airflow.dag_processing.dagbag.BundleDagBag","filename":"dagbag.py","lineno":469}
{"timestamp":"2026-05-14T14:47:18.954323Z","level":"info","event":"Filling up the DagBag from /opt/airflow/dags/1_first_dag.py","logger":"airflow.dag_processing.dagbag.BundleDagBag","filename":"dagbag.py","lineno":469}
{"timestamp":"2026-05-14T14:47:49.533479Z","level":"info","event":"Filling up the DagBag from /opt/airflow/dags/1_first_dag.py","logger":"airflow.dag_processing.dagbag.BundleDagBag","filename":"dagbag.py","lineno":469}
{"timestamp":"2026-05-14T14:48:20.179637Z","level":"info","event":"Filling up the DagBag from /opt/airflow/dags/1_first_dag.py","logger":"airflow.dag_processing.dagbag.BundleDagBag","filename":"dagbag.py","lineno":469}
{"timestamp":"2026-05-14T14:48:50.836479Z","level":"info","event":"Filling up the DagBag from /opt/airflow/dags/1_first_dag.py","logger":"airflow.dag_processing.dagbag.BundleDagBag","filename":"dagbag.py","lineno":469}
{"timestamp":"2026-05-14T14:49:21.292817Z","level":"info","event":"Filling up the DagBag from /opt/airflow/dags/1_first_dag.py","logger":"airflow.dag_processing.dagbag.BundleDagBag","filename":"dagbag.py","lineno":469}
{"timestamp":"2026-05-14T14:49:51.898857Z","level":"info","event":"Filling up the DagBag from /opt/airflow/dags/1_first_dag.py","logger":"airflow.dag_processing.dagbag.BundleDagBag","filename":"dagbag.py","lineno":469}
{"timestamp":"2026-05-14T14:50:22.466895Z","level":"info","event":"Filling up the DagBag from /opt/airflow/dags/1_first_dag.py","logger":"airflow.dag_processing.dagbag.BundleDagBag","filename":"dagbag.py","lineno":469}
{"timestamp":"2026-05-14T14:50:52.948258Z","level":"info","event":"Filling up the DagBag from /opt/airflow/dags/1_first_dag.py","logger":"airflow.dag_processing.dagbag.BundleDagBag","filename":"dagbag.py","lineno":469}
{"timestamp":"2026-05-14T14:51:23.414809Z","level":"info","event":"Filling up the DagBag from /opt/airflow/dags/1_first_dag.py","logger":"airflow.dag_processing.dagbag.BundleDagBag","filename":"dagbag.py","lineno":469}
{"timestamp":"2026-05-14T14:51:53.931334Z","level":"info","event":"Filling up the DagBag from /opt/airflow/dags/1_first_dag.py","logger":"airflow.dag_processing.dagbag.BundleDagBag","filename":"dagbag.py","lineno":469}
{"timestamp":"2026-05-14T14:52:24.435935Z","level":"info","event":"Filling up the DagBag from /opt/airflow/dags/1_first_dag.py","logger":"airflow.dag_processing.dagbag.BundleDagBag","filename":"dagbag.py","lineno":469}
{"timestamp":"2026-05-14T14:52:54.950328Z","level":"info","event":"Filling up the DagBag from /opt/airflow/dags/1_first_dag.py","logger":"airflow.dag_processing.dagbag.BundleDagBag","filename":"dagbag.py","lineno":469}
{"timestamp":"2026-05-14T14:53:25.355481Z","level":"info","event":"Filling up the DagBag from /opt/airflow/dags/1_first_dag.py","logger":"airflow.dag_processing.dagbag.BundleDagBag","filename":"dagbag.py","lineno":469}
{"timestamp":"2026-05-14T14:53:55.929438Z","level":"info","event":"Filling up the DagBag from /opt/airflow/dags/1_first_dag.py","logger":"airflow.dag_processing.dagbag.BundleDagBag","filename":"dagbag.py","lineno":469}
{"timestamp":"2026-05-14T14:54:26.432656Z","level":"info","event":"Filling up the DagBag from /opt/airflow/dags/1_first_dag.py","logger":"airflow.dag_processing.dagbag.BundleDagBag","filename":"dagbag.py","lineno":469}
{"timestamp":"2026-05-14T14:54:56.945306Z","level":"info","event":"Filling up the DagBag from /opt/airflow/dags/1_first_dag.py","logger":"airflow.dag_processing.dagbag.BundleDagBag","filename":"dagbag.py","lineno":469}
{"timestamp":"2026-05-14T14:55:27.437927Z","level":"info","event":"Filling up the DagBag from /opt/airflow/dags/1_first_dag.py","logger":"airflow.dag_processing.dagbag.BundleDagBag","filename":"dagbag.py","lineno":469}
{"timestamp":"2026-05-14T15:04:55.145274Z","level":"info","event":"Filling up the DagBag from /opt/airflow/dags/1_first_dag.py","logger":"airflow.dag_processing.dagbag.BundleDagBag","filename":"dagbag.py","lineno":469}
{"timestamp":"2026-05-14T15:05:26.590705Z","level":"info","event":"Filling up the DagBag from /opt/airflow/dags/1_first_dag.py","logger":"airflow.dag_processing.dagbag.BundleDagBag","filename":"dagbag.py","lineno":469}
{"timestamp":"2026-05-14T15:05:56.742692Z","level":"info","event":"Filling up the DagBag from /opt/airflow/dags/1_first_dag.py","logger":"airflow.dag_processing.dagbag.BundleDagBag","filename":"dagbag.py","lineno":469}
{"timestamp":"2026-05-14T15:06:27.207003Z","level":"info","event":"Filling up the DagBag from /opt/airflow/dags/1_first_dag.py","logger":"airflow.dag_processing.dagbag.BundleDagBag","filename":"dagbag.py","lineno":469}
{"timestamp":"2026-05-14T15:06:57.727399Z","level":"info","event":"Filling up the DagBag from /opt/airflow/dags/1_first_dag.py","logger":"airflow.dag_processing.dagbag.BundleDagBag","filename":"dagbag.py","lineno":469}
{"timestamp":"2026-05-14T15:07:28.201704Z","level":"info","event":"Filling up the DagBag from /opt/airflow/dags/1_first_dag.py","logger":"airflow.dag_processing.dagbag.BundleDagBag","filename":"dagbag.py","lineno":469}
{"timestamp":"2026-05-14T15:07:58.454614Z","level":"info","event":"Filling up the DagBag from /opt/airflow/dags/1_first_dag.py","logger":"airflow.dag_processing.dagbag.BundleDagBag","filename":"dagbag.py","lineno":469}
{"timestamp":"2026-05-14T15:08:28.915108Z","level":"info","event":"Filling up the DagBag from /opt/airflow/dags/1_first_dag.py","logger":"airflow.dag_processing.dagbag.BundleDagBag","filename":"dagbag.py","lineno":469}
{"timestamp":"2026-05-14T15:08:59.822138Z","level":"info","event":"Filling up the DagBag from /opt/airflow/dags/1_first_dag.py","logger":"airflow.dag_processing.dagbag.BundleDagBag","filename":"dagbag.py","lineno":469}
{"timestamp":"2026-05-14T15:09:30.232016Z","level":"info","event":"Filling up the DagBag from /opt/airflow/dags/1_first_dag.py","logger":"airflow.dag_processing.dagbag.BundleDagBag","filename":"dagbag.py","lineno":469}
{"timestamp":"2026-05-14T15:10:00.642783Z","level":"info","event":"Filling up the DagBag from /opt/airflow/dags/1_first_dag.py","logger":"airflow.dag_processing.dagbag.BundleDagBag","filename":"dagbag.py","lineno":469}
{"timestamp":"2026-05-14T15:10:30.949796Z","level":"info","event":"Filling up the DagBag from /opt/airflow/dags/1_first_dag.py","logger":"airflow.dag_processing.dagbag.BundleDagBag","filename":"dagbag.py","lineno":469}
{"timestamp":"2026-05-14T15:11:01.164526Z","level":"info","event":"Filling up the DagBag from /opt/airflow/dags/1_first_dag.py","logger":"airflow.dag_processing.dagbag.BundleDagBag","filename":"dagbag.py","lineno":469}
{"timestamp":"2026-05-14T15:11:31.346512Z","level":"info","event":"Filling up the DagBag from /opt/airflow/dags/1_first_dag.py","logger":"airflow.dag_processing.dagbag.BundleDagBag","filename":"dagbag.py","lineno":469}
{"timestamp":"2026-05-14T15:12:01.532949Z","level":"info","event":"Filling up the DagBag from /opt/airflow/dags/1_first_dag.py","logger":"airflow.dag_processing.dagbag.BundleDagBag","filename":"dagbag.py","lineno":469}
{"timestamp":"2026-05-14T15:12:31.776659Z","level":"info","event":"Filling up the DagBag from /opt/airflow/dags/1_first_dag.py","logger":"airflow.dag_processing.dagbag.BundleDagBag","filename":"dagbag.py","lineno":469}
{"timestamp":"2026-05-14T15:13:02.762650Z","level":"info","event":"Filling up the DagBag from /opt/airflow/dags/1_first_dag.py","logger":"airflow.dag_processing.dagbag.BundleDagBag","filename":"dagbag.py","lineno":469}
{"timestamp":"2026-05-14T15:13:33.718195Z","level":"info","event":"Filling up the DagBag from /opt/airflow/dags/1_first_dag.py","logger":"airflow.dag_processing.dagbag.BundleDagBag","filename":"dagbag.py","lineno":469}
{"timestamp":"2026-05-14T15:14:04.526206Z","level":"info","event":"Filling up the DagBag from /opt/airflow/dags/1_first_dag.py","logger":"airflow.dag_processing.dagbag.BundleDagBag","filename":"dagbag.py","lineno":469}
{"timestamp":"2026-05-14T15:14:34.770220Z","level":"info","event":"Filling up the DagBag from /opt/airflow/dags/1_first_dag.py","logger":"airflow.dag_processing.dagbag.BundleDagBag","filename":"dagbag.py","lineno":469}
{"timestamp":"2026-05-14T15:15:04.938556Z","level":"info","event":"Filling up the DagBag from /opt/airflow/dags/1_first_dag.py","logger":"airflow.dag_processing.dagbag.BundleDagBag","filename":"dagbag.py","lineno":469}
{"timestamp":"2026-05-14T15:15:37.999941Z","level":"info","event":"Filling up the DagBag from /opt/airflow/dags/1_first_dag.py","logger":"airflow.dag_processing.dagbag.BundleDagBag","filename":"dagbag.py","lineno":469}
{"timestamp":"2026-05-14T15:16:09.270823Z","level":"info","event":"Filling up the DagBag from /opt/airflow/dags/1_first_dag.py","logger":"airflow.dag_processing.dagbag.BundleDagBag","filename":"dagbag.py","lineno":469}
{"timestamp":"2026-05-14T15:16:41.386371Z","level":"info","event":"Filling up the DagBag from /opt/airflow/dags/1_first_dag.py","logger":"airflow.dag_processing.dagbag.BundleDagBag","filename":"dagbag.py","lineno":469}
{"timestamp":"2026-05-14T15:17:12.443656Z","level":"info","event":"Filling up the DagBag from /opt/airflow/dags/1_first_dag.py","logger":"airflow.dag_processing.dagbag.BundleDagBag","filename":"dagbag.py","lineno":469}
{"timestamp":"2026-05-14T15:17:44.430806Z","level":"info","event":"Filling up the DagBag from /opt/airflow/dags/1_first_dag.py","logger":"airflow.dag_processing.dagbag.BundleDagBag","filename":"dagbag.py","lineno":469}
{"timestamp":"2026-05-14T15:18:15.617120Z","level":"info","event":"Filling up the DagBag from /opt/airflow/dags/1_first_dag.py","logger":"airflow.dag_processing.dagbag.BundleDagBag","filename":"dagbag.py","lineno":469}
{"timestamp":"2026-05-14T15:18:45.937691Z","level":"info","event":"Filling up the DagBag from /opt/airflow/dags/1_first_dag.py","logger":"airflow.dag_processing.dagbag.BundleDagBag","filename":"dagbag.py","lineno":469}
{"timestamp":"2026-05-14T15:19:19.046560Z","level":"info","event":"Filling up the DagBag from /opt/airflow/dags/1_first_dag.py","logger":"airflow.dag_processing.dagbag.BundleDagBag","filename":"dagbag.py","lineno":469}
{"timestamp":"2026-05-14T15:19:51.118612Z","level":"info","event":"Filling up the DagBag from /opt/airflow/dags/1_first_dag.py","logger":"airflow.dag_processing.dagbag.BundleDagBag","filename":"dagbag.py","lineno":469}
{"timestamp":"2026-05-14T15:20:22.263395Z","level":"info","event":"Filling up the DagBag from /opt/airflow/dags/1_first_dag.py","logger":"airflow.dag_processing.dagbag.BundleDagBag","filename":"dagbag.py","lineno":469}
{"timestamp":"2026-05-14T15:20:53.532220Z","level":"info","event":"Filling up the DagBag from /opt/airflow/dags/1_first_dag.py","logger":"airflow.dag_processing.dagbag.BundleDagBag","filename":"dagbag.py","lineno":469}
{"timestamp":"2026-05-14T15:21:23.796827Z","level":"info","event":"Filling up the DagBag from /opt/airflow/dags/1_first_dag.py","logger":"airflow.dag_processing.dagbag.BundleDagBag","filename":"dagbag.py","lineno":469}
{"timestamp":"2026-05-14T15:21:54.438135Z","level":"info","event":"Filling up the DagBag from /opt/airflow/dags/1_first_dag.py","logger":"airflow.dag_processing.dagbag.BundleDagBag","filename":"dagbag.py","lineno":469}
{"timestamp":"2026-05-14T15:22:25.507999Z","level":"info","event":"Filling up the DagBag from /opt/airflow/dags/1_first_dag.py","logger":"airflow.dag_processing.dagbag.BundleDagBag","filename":"dagbag.py","lineno":469}
{"timestamp":"2026-05-14T15:22:55.746684Z","level":"info","event":"Filling up the DagBag from /opt/airflow/dags/1_first_dag.py","logger":"airflow.dag_processing.dagbag.BundleDagBag","filename":"dagbag.py","lineno":469}
{"timestamp":"2026-05-14T15:23:26.063976Z","level":"info","event":"Filling up the DagBag from /opt/airflow/dags/1_first_dag.py","logger":"airflow.dag_processing.dagbag.BundleDagBag","filename":"dagbag.py","lineno":469}
{"timestamp":"2026-05-14T15:23:56.235943Z","level":"info","event":"Filling up the DagBag from /opt/airflow/dags/1_first_dag.py","logger":"airflow.dag_processing.dagbag.BundleDagBag","filename":"dagbag.py","lineno":469}
{"timestamp":"2026-05-14T15:24:26.418088Z","level":"info","event":"Filling up the DagBag from /opt/airflow/dags/1_first_dag.py","logger":"airflow.dag_processing.dagbag.BundleDagBag","filename":"dagbag.py","lineno":469}
{"timestamp":"2026-05-14T15:24:56.704650Z","level":"info","event":"Filling up the DagBag from /opt/airflow/dags/1_first_dag.py","logger":"airflow.dag_processing.dagbag.BundleDagBag","filename":"dagbag.py","lineno":469}
{"timestamp":"2026-05-14T15:25:27.380062Z","level":"info","event":"Filling up the DagBag from /opt/airflow/dags/1_first_dag.py","logger":"airflow.dag_processing.dagbag.BundleDagBag","filename":"dagbag.py","lineno":469}
{"timestamp":"2026-05-14T15:25:57.872006Z","level":"info","event":"Filling up the DagBag from /opt/airflow/dags/1_first_dag.py","logger":"airflow.dag_processing.dagbag.BundleDagBag","filename":"dagbag.py","lineno":469}
{"timestamp":"2026-05-14T15:26:28.294859Z","level":"info","event":"Filling up the DagBag from /opt/airflow/dags/1_first_dag.py","logger":"airflow.dag_processing.dagbag.BundleDagBag","filename":"dagbag.py","lineno":469}
{"timestamp":"2026-05-14T15:26:58.697850Z","level":"info","event":"Filling up the DagBag from /opt/airflow/dags/1_first_dag.py","logger":"airflow.dag_processing.dagbag.BundleDagBag","filename":"dagbag.py","lineno":469}
{"timestamp":"2026-05-14T15:27:29.159728Z","level":"info","event":"Filling up the DagBag from /opt/airflow/dags/1_first_dag.py","logger":"airflow.dag_processing.dagbag.BundleDagBag","filename":"dagbag.py","lineno":469}
{"timestamp":"2026-05-14T15:27:59.424541Z","level":"info","event":"Filling up the DagBag from /opt/airflow/dags/1_first_dag.py","logger":"airflow.dag_processing.dagbag.BundleDagBag","filename":"dagbag.py","lineno":469}
{"timestamp":"2026-05-14T15:28:29.771071Z","level":"info","event":"Filling up the DagBag from /opt/airflow/dags/1_first_dag.py","logger":"airflow.dag_processing.dagbag.BundleDagBag","filename":"dagbag.py","lineno":469}
{"timestamp":"2026-05-14T15:29:00.306861Z","level":"info","event":"Filling up the DagBag from /opt/airflow/dags/1_first_dag.py","logger":"airflow.dag_processing.dagbag.BundleDagBag","filename":"dagbag.py","lineno":469}
{"timestamp":"2026-05-14T15:29:30.755709Z","level":"info","event":"Filling up the DagBag from /opt/airflow/dags/1_first_dag.py","logger":"airflow.dag_processing.dagbag.BundleDagBag","filename":"dagbag.py","lineno":469}
{"timestamp":"2026-05-14T15:30:00.997742Z","level":"info","event":"Filling up the DagBag from /opt/airflow/dags/1_first_dag.py","logger":"airflow.dag_processing.dagbag.BundleDagBag","filename":"dagbag.py","lineno":469}
{"timestamp":"2026-05-14T15:30:31.497191Z","level":"info","event":"Filling up the DagBag from /opt/airflow/dags/1_first_dag.py","logger":"airflow.dag_processing.dagbag.BundleDagBag","filename":"dagbag.py","lineno":469}
{"timestamp":"2026-05-14T15:31:02.178550Z","level":"info","event":"Filling up the DagBag from /opt/airflow/dags/1_first_dag.py","logger":"airflow.dag_processing.dagbag.BundleDagBag","filename":"dagbag.py","lineno":469}
{"timestamp":"2026-05-14T15:31:32.605514Z","level":"info","event":"Filling up the DagBag from /opt/airflow/dags/1_first_dag.py","logger":"airflow.dag_processing.dagbag.BundleDagBag","filename":"dagbag.py","lineno":469}
{"timestamp":"2026-05-14T15:32:02.933356Z","level":"info","event":"Filling up the DagBag from /opt/airflow/dags/1_first_dag.py","logger":"airflow.dag_processing.dagbag.BundleDagBag","filename":"dagbag.py","lineno":469}
{"timestamp":"2026-05-14T15:32:33.240176Z","level":"info","event":"Filling up the DagBag from /opt/airflow/dags/1_first_dag.py","logger":"airflow.dag_processing.dagbag.BundleDagBag","filename":"dagbag.py","lineno":469}
{"timestamp":"2026-05-14T15:33:03.598238Z","level":"info","event":"Filling up the DagBag from /opt/airflow/dags/1_first_dag.py","logger":"airflow.dag_processing.dagbag.BundleDagBag","filename":"dagbag.py","lineno":469}
{"timestamp":"2026-05-14T15:33:33.816124Z","level":"info","event":"Filling up the DagBag from /opt/airflow/dags/1_first_dag.py","logger":"airflow.dag_processing.dagbag.BundleDagBag","filename":"dagbag.py","lineno":469}
{"timestamp":"2026-05-14T15:34:04.016749Z","level":"info","event":"Filling up the DagBag from /opt/airflow/dags/1_first_dag.py","logger":"airflow.dag_processing.dagbag.BundleDagBag","filename":"dagbag.py","lineno":469}
{"timestamp":"2026-05-14T15:34:34.530543Z","level":"info","event":"Filling up the DagBag from /opt/airflow/dags/1_first_dag.py","logger":"airflow.dag_processing.dagbag.BundleDagBag","filename":"dagbag.py","lineno":469}
{"timestamp":"2026-05-14T15:35:04.877920Z","level":"info","event":"Filling up the DagBag from /opt/airflow/dags/1_first_dag.py","logger":"airflow.dag_processing.dagbag.BundleDagBag","filename":"dagbag.py","lineno":469}
{"timestamp":"2026-05-14T15:35:35.111498Z","level":"info","event":"Filling up the DagBag from /opt/airflow/dags/1_first_dag.py","logger":"airflow.dag_processing.dagbag.BundleDagBag","filename":"dagbag.py","lineno":469}
{"timestamp":"2026-05-14T15:36:05.335923Z","level":"info","event":"Filling up the DagBag from /opt/airflow/dags/1_first_dag.py","logger":"airflow.dag_processing.dagbag.BundleDagBag","filename":"dagbag.py","lineno":469}
{"timestamp":"2026-05-14T15:36:35.669015Z","level":"info","event":"Filling up the DagBag from /opt/airflow/dags/1_first_dag.py","logger":"airflow.dag_processing.dagbag.BundleDagBag","filename":"dagbag.py","lineno":469}
{"timestamp":"2026-05-14T15:37:05.926417Z","level":"info","event":"Filling up the DagBag from /opt/airflow/dags/1_first_dag.py","logger":"airflow.dag_processing.dagbag.BundleDagBag","filename":"dagbag.py","lineno":469}
{"timestamp":"2026-05-14T15:37:36.197563Z","level":"info","event":"Filling up the DagBag from /opt/airflow/dags/1_first_dag.py","logger":"airflow.dag_processing.dagbag.BundleDagBag","filename":"dagbag.py","lineno":469}
{"timestamp":"2026-05-14T15:38:06.405841Z","level":"info","event":"Filling up the DagBag from /opt/airflow/dags/1_first_dag.py","logger":"airflow.dag_processing.dagbag.BundleDagBag","filename":"dagbag.py","lineno":469}
{"timestamp":"2026-05-14T15:38:36.873672Z","level":"info","event":"Filling up the DagBag from /opt/airflow/dags/1_first_dag.py","logger":"airflow.dag_processing.dagbag.BundleDagBag","filename":"dagbag.py","lineno":469}
{"timestamp":"2026-05-14T15:39:07.140868Z","level":"info","event":"Filling up the DagBag from /opt/airflow/dags/1_first_dag.py","logger":"airflow.dag_processing.dagbag.BundleDagBag","filename":"dagbag.py","lineno":469}
{"timestamp":"2026-05-14T15:39:37.580088Z","level":"info","event":"Filling up the DagBag from /opt/airflow/dags/1_first_dag.py","logger":"airflow.dag_processing.dagbag.BundleDagBag","filename":"dagbag.py","lineno":469}
{"timestamp":"2026-05-14T15:40:07.897451Z","level":"info","event":"Filling up the DagBag from /opt/airflow/dags/1_first_dag.py","logger":"airflow.dag_processing.dagbag.BundleDagBag","filename":"dagbag.py","lineno":469}
{"timestamp":"2026-05-14T15:40:38.081876Z","level":"info","event":"Filling up the DagBag from /opt/airflow/dags/1_first_dag.py","logger":"airflow.dag_processing.dagbag.BundleDagBag","filename":"dagbag.py","lineno":469}
{"timestamp":"2026-05-14T15:41:08.276459Z","level":"info","event":"Filling up the DagBag from /opt/airflow/dags/1_first_dag.py","logger":"airflow.dag_processing.dagbag.BundleDagBag","filename":"dagbag.py","lineno":469}
{"timestamp":"2026-05-14T15:41:38.502395Z","level":"info","event":"Filling up the DagBag from /opt/airflow/dags/1_first_dag.py","logger":"airflow.dag_processing.dagbag.BundleDagBag","filename":"dagbag.py","lineno":469}
{"timestamp":"2026-05-14T15:42:08.692710Z","level":"info","event":"Filling up the DagBag from /opt/airflow/dags/1_first_dag.py","logger":"airflow.dag_processing.dagbag.BundleDagBag","filename":"dagbag.py","lineno":469}
{"timestamp":"2026-05-14T15:42:38.900942Z","level":"info","event":"Filling up the DagBag from /opt/airflow/dags/1_first_dag.py","logger":"airflow.dag_processing.dagbag.BundleDagBag","filename":"dagbag.py","lineno":469}
{"timestamp":"2026-05-14T15:43:09.150410Z","level":"info","event":"Filling up the DagBag from /opt/airflow/dags/1_first_dag.py","logger":"airflow.dag_processing.dagbag.BundleDagBag","filename":"dagbag.py","lineno":469}
{"timestamp":"2026-05-14T15:43:39.407855Z","level":"info","event":"Filling up the DagBag from /opt/airflow/dags/1_first_dag.py","logger":"airflow.dag_processing.dagbag.BundleDagBag","filename":"dagbag.py","lineno":469}
{"timestamp":"2026-05-14T15:44:09.560241Z","level":"info","event":"Filling up the DagBag from /opt/airflow/dags/1_first_dag.py","logger":"airflow.dag_processing.dagbag.BundleDagBag","filename":"dagbag.py","lineno":469}
{"timestamp":"2026-05-14T15:44:39.787528Z","level":"info","event":"Filling up the DagBag from /opt/airflow/dags/1_first_dag.py","logger":"airflow.dag_processing.dagbag.BundleDagBag","filename":"dagbag.py","lineno":469}
{"timestamp":"2026-05-14T15:45:12.023886Z","level":"info","event":"Filling up the DagBag from /opt/airflow/dags/1_first_dag.py","logger":"airflow.dag_processing.dagbag.BundleDagBag","filename":"dagbag.py","lineno":469}
{"timestamp":"2026-05-14T15:45:43.317869Z","level":"info","event":"Filling up the DagBag from /opt/airflow/dags/1_first_dag.py","logger":"airflow.dag_processing.dagbag.BundleDagBag","filename":"dagbag.py","lineno":469}
{"timestamp":"2026-05-14T15:46:15.579367Z","level":"info","event":"Filling up the DagBag from /opt/airflow/dags/1_first_dag.py","logger":"airflow.dag_processing.dagbag.BundleDagBag","filename":"dagbag.py","lineno":469}
{"timestamp":"2026-05-14T15:46:46.800704Z","level":"info","event":"Filling up the DagBag from /opt/airflow/dags/1_first_dag.py","logger":"airflow.dag_processing.dagbag.BundleDagBag","filename":"dagbag.py","lineno":469}
{"timestamp":"2026-05-14T15:47:17.093733Z","level":"info","event":"Filling up the DagBag from /opt/airflow/dags/1_first_dag.py","logger":"airflow.dag_processing.dagbag.BundleDagBag","filename":"dagbag.py","lineno":469}
{"timestamp":"2026-05-14T15:47:47.634086Z","level":"info","event":"Filling up the DagBag from /opt/airflow/dags/1_first_dag.py","logger":"airflow.dag_processing.dagbag.BundleDagBag","filename":"dagbag.py","lineno":469}
{"timestamp":"2026-05-14T15:48:17.854463Z","level":"info","event":"Filling up the DagBag from /opt/airflow/dags/1_first_dag.py","logger":"airflow.dag_processing.dagbag.BundleDagBag","filename":"dagbag.py","lineno":469}
{"timestamp":"2026-05-14T15:48:47.984410Z","level":"info","event":"Filling up the DagBag from /opt/airflow/dags/1_first_dag.py","logger":"airflow.dag_processing.dagbag.BundleDagBag","filename":"dagbag.py","lineno":469}
{"timestamp":"2026-05-14T15:49:18.369521Z","level":"info","event":"Filling up the DagBag from /opt/airflow/dags/1_first_dag.py","logger":"airflow.dag_processing.dagbag.BundleDagBag","filename":"dagbag.py","lineno":469}
{"timestamp":"2026-05-14T15:49:48.552995Z","level":"info","event":"Filling up the DagBag from /opt/airflow/dags/1_first_dag.py","logger":"airflow.dag_processing.dagbag.BundleDagBag","filename":"dagbag.py","lineno":469}
{"timestamp":"2026-05-14T15:50:18.838625Z","level":"info","event":"Filling up the DagBag from /opt/airflow/dags/1_first_dag.py","logger":"airflow.dag_processing.dagbag.BundleDagBag","filename":"dagbag.py","lineno":469}
{"timestamp":"2026-05-14T15:50:49.087196Z","level":"info","event":"Filling up the DagBag from /opt/airflow/dags/1_first_dag.py","logger":"airflow.dag_processing.dagbag.BundleDagBag","filename":"dagbag.py","lineno":469}
{"timestamp":"2026-05-14T15:51:19.375599Z","level":"info","event":"Filling up the DagBag from /opt/airflow/dags/1_first_dag.py","logger":"airflow.dag_processing.dagbag.BundleDagBag","filename":"dagbag.py","lineno":469}
{"timestamp":"2026-05-14T15:51:49.595819Z","level":"info","event":"Filling up the DagBag from /opt/airflow/dags/1_first_dag.py","logger":"airflow.dag_processing.dagbag.BundleDagBag","filename":"dagbag.py","lineno":469}
{"timestamp":"2026-05-14T15:52:19.861220Z","level":"info","event":"Filling up the DagBag from /opt/airflow/dags/1_first_dag.py","logger":"airflow.dag_processing.dagbag.BundleDagBag","filename":"dagbag.py","lineno":469}
{"timestamp":"2026-05-14T15:52:50.026919Z","level":"info","event":"Filling up the DagBag from /opt/airflow/dags/1_first_dag.py","logger":"airflow.dag_processing.dagbag.BundleDagBag","filename":"dagbag.py","lineno":469}
{"timestamp":"2026-05-14T15:53:20.278901Z","level":"info","event":"Filling up the DagBag from /opt/airflow/dags/1_first_dag.py","logger":"airflow.dag_processing.dagbag.BundleDagBag","filename":"dagbag.py","lineno":469}
{"timestamp":"2026-05-14T15:53:50.449419Z","level":"info","event":"Filling up the DagBag from /opt/airflow/dags/1_first_dag.py","logger":"airflow.dag_processing.dagbag.BundleDagBag","filename":"dagbag.py","lineno":469}
{"timestamp":"2026-05-14T15:54:20.754322Z","level":"info","event":"Filling up the DagBag from /opt/airflow/dags/1_first_dag.py","logger":"airflow.dag_processing.dagbag.BundleDagBag","filename":"dagbag.py","lineno":469}
{"timestamp":"2026-05-14T15:54:51.048272Z","level":"info","event":"Filling up the DagBag from /opt/airflow/dags/1_first_dag.py","logger":"airflow.dag_processing.dagbag.BundleDagBag","filename":"dagbag.py","lineno":469}
{"timestamp":"2026-05-14T15:55:21.297569Z","level":"info","event":"Filling up the DagBag from /opt/airflow/dags/1_first_dag.py","logger":"airflow.dag_processing.dagbag.BundleDagBag","filename":"dagbag.py","lineno":469}
{"timestamp":"2026-05-14T18:32:08.809966Z","level":"info","event":"Filling up the DagBag from /opt/airflow/dags/1_first_dag.py","logger":"airflow.dag_processing.dagbag.BundleDagBag","filename":"dagbag.py","lineno":469}
{"timestamp":"2026-05-14T18:32:40.350762Z","level":"info","event":"Filling up the DagBag from /opt/airflow/dags/1_first_dag.py","logger":"airflow.dag_processing.dagbag.BundleDagBag","filename":"dagbag.py","lineno":469}
